<?xml version="1.0" encoding="utf-8"?>
<test-run id="2" testcasecount="1" result="Passed" total="1" passed="1" failed="0" inconclusive="0" skipped="0" asserts="0" engine-version="3.5.0.0" clr-version="4.0.30319.42000" start-time="2026-09-22 14:14:28Z" end-time="2026-09-22 14:14:28Z" duration="0.0334853">
  <test-suite type="TestSuite" id="1000" name="UnityCliCiDemo" fullname="UnityCliCiDemo" runstate="Runnable" testcasecount="1" result="Passed" start-time="2026-09-22 14:14:28Z" end-time="2026-09-22 14:14:28Z" duration="0.033485" total="1" passed="1" failed="0" inconclusive="0" skipped="0" asserts="0">
    <properties>
      <property name="platform" value="EditMode" />
    </properties>
    <test-suite type="Assembly" id="1003" name="Tests.dll" fullname="D:/Unity/UnityCliCiDemo/Library/ScriptAssemblies/Tests.dll" runstate="Runnable" testcasecount="1" result="Passed" start-time="2026-09-22 14:14:28Z" end-time="2026-09-22 14:14:28Z" duration="0.026505" total="1" passed="1" failed="0" inconclusive="0" skipped="0" asserts="0">
      <properties>
        <property name="_PID" value="29048" />
        <property name="_APPDOMAIN" value="Unity Child Domain" />
        <property name="platform" value="EditMode" />
        <property name="EditorOnly" value="True" />
      </properties>
      <test-suite type="TestSuite" id="1004" name="UnityCliCiDemo" fullname="UnityCliCiDemo" runstate="Runnable" testcasecount="1" result="Passed" start-time="2026-09-22 14:14:28Z" end-time="2026-09-22 14:14:28Z" duration="0.026113" total="1" passed="1" failed="0" inconclusive="0" skipped="0" asserts="0">
        <properties />
        <test-suite type="TestSuite" id="1005" name="Tests" fullname="UnityCliCiDemo.Tests" runstate="Runnable" testcasecount="1" result="Passed" start-time="2026-09-22 14:14:28Z" end-time="2026-09-22 14:14:28Z" duration="0.025957" total="1" passed="1" failed="0" inconclusive="0" skipped="0" asserts="0">
          <properties />
          <test-suite type="TestFixture" id="1001" name="SmokeTests" fullname="UnityCliCiDemo.Tests.SmokeTests" classname="UnityCliCiDemo.Tests.SmokeTests" runstate="Runnable" testcasecount="1" result="Passed" start-time="2026-09-22 14:14:28Z" end-time="2026-09-22 14:14:28Z" duration="0.024657" total="1" passed="1" failed="0" inconclusive="0" skipped="0" asserts="0">
            <properties />
            <test-case id="1002" name="OnePlusOne_EqualsTwo" fullname="UnityCliCiDemo.Tests.SmokeTests.OnePlusOne_EqualsTwo" methodname="OnePlusOne_EqualsTwo" classname="UnityCliCiDemo.Tests.SmokeTests" runstate="Runnable" seed="474541562" result="Passed" start-time="2026-09-22 14:14:28Z" end-time="2026-09-22 14:14:28Z" duration="0.011152" asserts="0">
              <properties>
                <property name="retryIteration" value="0" />
                <property name="repeatIteration" value="0" />
              </properties>
              <output><![CDATA[Saving results to: C:/Users/Admin/AppData/LocalLow/DefaultCompany/UnityCliCiDemo\TestResults.xml
]]></output>
            </test-case>
          </test-suite>
        </test-suite>
      </test-suite>
    </test-suite>
  </test-suite>
</test-run>